<*GNU-Linker-generated-mapfile*> 
generated for DS1403 platform 
collect2 version 5.5.0
c:/program files/dspace rcphil 2021-a/compiler/linux440_550/target/arm-linux-gnueabihf/bin/../lib/gcc/arm-linux-gnueabihf/5.5.0/../../../../arm-linux-gnueabihf/bin/ld.exe -plugin c:/program files/dspace rcphil 2021-a/compiler/linux440_550/target/arm-linux-gnueabihf/bin/../libexec/gcc/arm-linux-gnueabihf/5.5.0/liblto_plugin-0.dll -plugin-opt=c:/program files/dspace rcphil 2021-a/compiler/linux440_550/target/arm-linux-gnueabihf/bin/../libexec/gcc/arm-linux-gnueabihf/5.5.0/lto-wrapper.exe -plugin-opt=-fresolution=C:\Users\ADMINI~1\AppData\Local\Temp\cc1APYfd.res -plugin-opt=-pass-through=-lgcc_s -plugin-opt=-pass-through=-lgcc -plugin-opt=-pass-through=-lc -plugin-opt=-pass-through=-lgcc_s -plugin-opt=-pass-through=-lgcc --sysroot=c:\program files\dspace rcphil 2021-a\compiler\linux440_550\target\arm-linux-gnueabihf\bin\../ --build-id --eh-frame-hdr -dynamic-linker /lib/ld-linux-armhf.so.3 -X -m armelf_linux_eabi c:/program files/dspace rcphil 2021-a/compiler/linux440_550/target/arm-linux-gnueabihf/bin/../lib/crt1.o c:/program files/dspace rcphil 2021-a/compiler/linux440_550/target/arm-linux-gnueabihf/bin/../lib/crti.o c:/program files/dspace rcphil 2021-a/compiler/linux440_550/target/arm-linux-gnueabihf/bin/../lib/gcc/arm-linux-gnueabihf/5.5.0/crtbegin.o -Lc:/program files/dspace rcphil 2021-a/compiler/linux440_550/target/arm-linux-gnueabihf/bin/../lib/gcc/arm-linux-gnueabihf/5.5.0 -Lc:/program files/dspace rcphil 2021-a/compiler/linux440_550/target/arm-linux-gnueabihf/bin/../lib/gcc -Lc:/program files/dspace rcphil 2021-a/compiler/linux440_550/target/arm-linux-gnueabihf/bin/../lib/gcc/arm-linux-gnueabihf/5.5.0/../../../../arm-linux-gnueabihf/lib -Lc:/program files/dspace rcphil 2021-a/compiler/linux440_550/target/arm-linux-gnueabihf/bin/../lib -v --unresolved-symbols=ignore-all -lstdc++ -lm -lgcc_s -lgcc -lc -lgcc_s -lgcc c:/program files/dspace rcphil 2021-a/compiler/linux440_550/target/arm-linux-gnueabihf/bin/../lib/gcc/arm-linux-gnueabihf/5.5.0/crtend.o c:/program files/dspace rcphil 2021-a/compiler/linux440_550/target/arm-linux-gnueabihf/bin/../lib/crtn.o
GNU ld (GNU Binutils) 2.26.20160125
Archive member included to satisfy reference by file (symbol)

C:\Users\Administrator\Furuta\Furuta\Furuta_Acados\Build\Furuta_Model\Compile\Furuta_Model\Furuta_Model.a(Furuta_Model_dsmpbap.oarm)
                              rtosal_task.oarm (dsmpb_event_task_Furuta_Model_TriggerEventPortSFcn_b_TID0_BT1)
C:\Users\Administrator\Furuta\Furuta\Furuta_Acados\Build\Furuta_Model\Compile\Furuta_Model\Furuta_Model.a(Furuta_Model_dsrtmdlfcn.oarm)
                              dssimengine_accesspoint.oarm (Furuta_Model_DSRTInitMdl)
C:\Users\Administrator\Furuta\Furuta\Furuta_Acados\Build\Furuta_Model\Compile\Furuta_Model\Furuta_Model.a(Furuta_Model_dsrttf.oarm)
                              rtosal_task.oarm (Furuta_Model_DSRTMdlOutputs0)
C:\Users\Administrator\Furuta\Furuta\Furuta_Acados\Build\Furuta_Model\Compile\Furuta_Model\Furuta_Model.a(Furuta_Model.oarm)
                              C:\Users\Administrator\Furuta\Furuta\Furuta_Acados\Build\Furuta_Model\Compile\Furuta_Model\Furuta_Model.a(Furuta_Model_dsmpbap.oarm) (Furuta_Model_Subsystem)
C:\Users\Administrator\Furuta\Furuta\Furuta_Acados\Build\Furuta_Model\Compile\Furuta_Model\Furuta_Model.a(Furuta_Model_data.oarm)
                              C:\Users\Administrator\Furuta\Furuta\Furuta_Acados\Build\Furuta_Model\Compile\Furuta_Model\Furuta_Model.a(Furuta_Model.oarm) (Furuta_Model_ConstP)
C:\Users\Administrator\Furuta\Furuta\Furuta_Acados\Build\Furuta_Model\Compile\Furuta_Model\Furuta_Model.a(Furuta_Model_dsrtvdf.oarm)
                              C:\Users\Administrator\Furuta\Furuta\Furuta_Acados\Build\Furuta_Model\Compile\Furuta_Model\Furuta_Model.a(Furuta_Model.oarm) (Furuta_Model_rti_init_trc_pointers)
C:\Users\Administrator\Furuta\Furuta\Furuta_Acados\Build\Furuta_Model\Compile\Furuta_Model\Furuta_Model.a(rt_nonfinite.oarm)
                              C:\Users\Administrator\Furuta\Furuta\Furuta_Acados\Build\Furuta_Model\Compile\Furuta_Model\Furuta_Model.a(Furuta_Model.oarm) (rt_InitInfAndNaN)
C:\Users\Administrator\Furuta\Furuta\Furuta_Acados\Build\Furuta_Model\Compile\Furuta_Model\Furuta_Model.a(rt_zcfcn.oarm)
                              C:\Users\Administrator\Furuta\Furuta\Furuta_Acados\Build\Furuta_Model\Compile\Furuta_Model\Furuta_Model.a(Furuta_Model.oarm) (rt_ZCFcn)
C:\Users\Administrator\Furuta\Furuta\Furuta_Acados\Build\Furuta_Model\Compile\Furuta_Model\Furuta_Model.a(acados_solver_sfunction_furuta.oarm)
                              C:\Users\Administrator\Furuta\Furuta\Furuta_Acados\Build\Furuta_Model\Compile\Furuta_Model\Furuta_Model.a(Furuta_Model.oarm) (acados_solver_sfunction_furuta)
C:\Users\Administrator\Furuta\Furuta\Furuta_Acados\Build\Furuta_Model\Compile\Furuta_Model\Furuta_Model.a(rtGetInf.oarm)
[...]
Memory Configuration

Name             Origin             Length             Attributes
*default*        0x0000000000000000 0xffffffffffffffff

Linker script and memory map

LOAD c:/program files/dspace rcphil 2021-a/compiler/linux440_550/target/arm-linux-gnueabihf/bin/../lib/crt1.o
LOAD c:/program files/dspace rcphil 2021-a/compiler/linux440_550/target/arm-linux-gnueabihf/bin/../lib/crti.o
LOAD c:/program files/dspace rcphil 2021-a/compiler/linux440_550/target/arm-linux-gnueabihf/bin/../lib/gcc/arm-linux-gnueabihf/5.5.0/crtbegin.o
                0x0000000000000000                _DSPACE_START = 0x0
                0x0000000000000000                _DSPACE_START_ = 0x0
                0x00000000000009ce                DS_TARGET_PLATFORM = 0x9ce
START GROUP
LOAD mdladapter_mdlfunctions.oarm
LOAD mdlCode_ap.oarm
LOAD data_in_ap.oarm
LOAD data_out_ap.oarm
LOAD fm_entry_ap.oarm
LOAD fm_exit_ap.oarm
LOAD dssimengine_accesspoint.oarm
LOAD dssimengine_api.oarm
LOAD dssimengine_main.oarm
LOAD rtosal_task.oarm
LOAD rtosal_taskap.oarm
LOAD rtosal_simengineap.oarm
LOAD IOCode_Data.oarm
LOAD dssimengine_accesspoint_Digital_Incremental_Encoder_In.oarm
LOAD dssimengine_accesspoint_Voltage_In.oarm
LOAD dssimengine_accesspoint_Voltage_Out.oarm
LOAD C:\Users\Administrator\Furuta\Furuta\Furuta_Acados\Build\Furuta_Model\Compile\Furuta_Model\Furuta_Model.a
LOAD C:\Users\Administrator\acados_neu\buildDS1403\install\lib\libacados.a
LOAD C:\Users\Administrator\acados_neu\buildDS1403\install\lib\libblasfeo.a
LOAD C:\Users\Administrator\acados_neu\buildDS1403\install\lib\libhpipm.a
LOAD C:\Program Files\dSPACE RCPHIL 2021-A\DS1403\Lib/libdsimbsdiodrv.so
LOAD C:\Program Files\dSPACE RCPHIL 2021-A\DS1403\Lib/libdsimbsaiodrv.so
LOAD C:\Program Files\dSPACE RCPHIL 2021-A\DS1403\Lib/libdscandrv.so
LOAD C:\Program Files\dSPACE RCPHIL 2021-A\DS1403\Lib/libdslindrv.so
LOAD C:\Program Files\dSPACE RCPHIL 2021-A\DS1403\Lib/libdsethernetinterfacemanagementdrv.so
END GROUP
LOAD C:\Program Files\dSPACE RCPHIL 2021-A\DS1403\Lib/libDsRtLib.so
LOAD c:/program files/dspace rcphil 2021-a/compiler/linux440_550/target/arm-linux-gnueabihf/bin/../lib/libpthread.so
START GROUP
LOAD c:/program files/dspace rcphil 2021-a/compiler/linux440_550/target/arm-linux-gnueabihf/bin/../lib\libpthread.so.0
LOAD c:/program files/dspace rcphil 2021-a/compiler/linux440_550/target/arm-linux-gnueabihf/bin/../lib\libpthread_nonshared.a
END GROUP
LOAD c:/program files/dspace rcphil 2021-a/compiler/linux440_550/target/arm-linux-gnueabihf/bin/../lib/librt.so
LOAD c:/program files/dspace rcphil 2021-a/compiler/linux440_550/target/arm-linux-gnueabihf/bin/../lib/gcc/arm-linux-gnueabihf/5.5.0/../../../../arm-linux-gnueabihf/lib/libstdc++.so
LOAD c:/program files/dspace rcphil 2021-a/compiler/linux440_550/target/arm-linux-gnueabihf/bin/../lib/libm.so
LOAD c:/program files/dspace rcphil 2021-a/compiler/linux440_550/target/arm-linux-gnueabihf/bin/../lib/gcc/arm-linux-gnueabihf/5.5.0/../../../../arm-linux-gnueabihf/lib/libgcc_s.so
START GROUP
LOAD c:/program files/dspace rcphil 2021-a/compiler/linux440_550/target/arm-linux-gnueabihf/bin/../lib/gcc/arm-linux-gnueabihf/5.5.0/../../../../arm-linux-gnueabihf/lib\libgcc_s.so.1
LOAD c:/program files/dspace rcphil 2021-a/compiler/linux440_550/target/arm-linux-gnueabihf/bin/../lib/gcc/arm-linux-gnueabihf/5.5.0\libgcc.a
END GROUP
LOAD c:/program files/dspace rcphil 2021-a/compiler/linux440_550/target/arm-linux-gnueabihf/bin/../lib/gcc/arm-linux-gnueabihf/5.5.0\libgcc.a
LOAD c:/program files/dspace rcphil 2021-a/compiler/linux440_550/target/arm-linux-gnueabihf/bin/../lib/libc.so
START GROUP
LOAD c:/program files/dspace rcphil 2021-a/compiler/linux440_550/target/arm-linux-gnueabihf/bin/../lib\libc.so.6
LOAD c:/program files/dspace rcphil 2021-a/compiler/linux440_550/target/arm-linux-gnueabihf/bin/../lib\libc_nonshared.a
LOAD c:/program files/dspace rcphil 2021-a/compiler/linux440_550/target/arm-linux-gnueabihf/bin/../lib\ld-linux-armhf.so.3
END GROUP
LOAD c:/program files/dspace rcphil 2021-a/compiler/linux440_550/target/arm-linux-gnueabihf/bin/../lib/gcc/arm-linux-gnueabihf/5.5.0/../../../../arm-linux-gnueabihf/lib/libgcc_s.so
START GROUP
LOAD c:/program files/dspace rcphil 2021-a/compiler/linux440_550/target/arm-linux-gnueabihf/bin/../lib/gcc/arm-linux-gnueabihf/5.5.0/../../../../arm-linux-gnueabihf/lib\libgcc_s.so.1
LOAD c:/program files/dspace rcphil 2021-a/compiler/linux440_550/target/arm-linux-gnueabihf/bin/../lib/gcc/arm-linux-gnueabihf/5.5.0\libgcc.a
END GROUP
LOAD c:/program files/dspace rcphil 2021-a/compiler/linux440_550/target/arm-linux-gnueabihf/bin/../lib/gcc/arm-linux-gnueabihf/5.5.0\libgcc.a
LOAD c:/program files/dspace rcphil 2021-a/compiler/linux440_550/target/arm-linux-gnueabihf/bin/../lib/gcc/arm-linux-gnueabihf/5.5.0/crtend.o
LOAD c:/program files/dspace rcphil 2021-a/compiler/linux440_550/target/arm-linux-gnueabihf/bin/../lib/crtn.o
                [!provide]                        PROVIDE (__executable_start, 0x10000)
                0x0000000000010134                . = (0x10000 + SIZEOF_HEADERS)

.interp         0x0000000000010134       0x19
 *(.interp)
 .interp        0x0000000000010134       0x19 c:/program files/dspace rcphil 2021-a/compiler/linux440_550/target/arm-linux-gnueabihf/bin/../lib/crt1.o

.note.ABI-tag   0x0000000000010150       0x20
 .note.ABI-tag  0x0000000000010150       0x20 c:/program files/dspace rcphil 2021-a/compiler/linux440_550/target/arm-linux-gnueabihf/bin/../lib/crt1.o

.note.gnu.build-id
                0x0000000000010170       0x24
 *(.note.gnu.build-id)
 .note.gnu.build-id
                0x0000000000010170       0x24 linker stubs

.hash           0x0000000000010194     0x45f4
 *(.hash)
 .hash          0x0000000000010194     0x45f4 c:/program files/dspace rcphil 2021-a/compiler/linux440_550/target/arm-linux-gnueabihf/bin/../lib/crt1.o

.gnu.hash
 *(.gnu.hash)

.dynsym         0x0000000000014788     0x9760
 *(.dynsym)
 .dynsym        0x0000000000014788     0x9760 c:/program files/dspace rcphil 2021-a/compiler/linux440_550/target/arm-linux-gnueabihf/bin/../lib/crt1.o

.dynstr         0x000000000001dee8    0x10934
 *(.dynstr)
 .dynstr        0x000000000001dee8    0x10934 c:/program files/dspace rcphil 2021-a/compiler/linux440_550/target/arm-linux-gnueabihf/bin/../lib/crt1.o

.gnu.version    0x000000000002e81c     0x12ec
 *(.gnu.version)
 .gnu.version   0x000000000002e81c     0x12ec c:/program files/dspace rcphil 2021-a/compiler/linux440_550/target/arm-linux-gnueabihf/bin/../lib/crt1.o

.gnu.version_d  0x000000000002fb08        0x0
 *(.gnu.version_d)
 .gnu.version_d
                0x000000000002fb08        0x0 c:/program files/dspace rcphil 2021-a/compiler/linux440_550/target/arm-linux-gnueabihf/bin/../lib/crt1.o

.gnu.version_r  0x000000000002fb08       0xb0
 *(.gnu.version_r)
 .gnu.version_r
                0x000000000002fb08       0xb0 c:/program files/dspace rcphil 2021-a/compiler/linux440_550/target/arm-linux-gnueabihf/bin/../lib/crt1.o

.rel.dyn        0x000000000002fbb8       0x28
 *(.rel.init)
 *(.rel.text .rel.text.* .rel.gnu.linkonce.t.*)
 *(.rel.fini)
 *(.rel.rodata .rel.rodata.* .rel.gnu.linkonce.r.*)
 *(.rel.data.rel.ro .rel.data.rel.ro.* .rel.gnu.linkonce.d.rel.ro.*)
 *(.rel.data .rel.data.* .rel.gnu.linkonce.d.*)
 *(.rel.tdata .rel.tdata.* .rel.gnu.linkonce.td.*)
 *(.rel.tbss .rel.tbss.* .rel.gnu.linkonce.tb.*)
 *(.rel.ctors)
 *(.rel.dtors)
 *(.rel.got)
 .rel.got       0x000000000002fbb8        0x8 c:/program files/dspace rcphil 2021-a/compiler/linux440_550/target/arm-linux-gnueabihf/bin/../lib/crt1.o
 *(.rel.bss .rel.bss.* .rel.gnu.linkonce.b.*)
 .rel.bss       0x000000000002fbc0       0x20 c:/program files/dspace rcphil 2021-a/compiler/linux440_550/target/arm-linux-gnueabihf/bin/../lib/crt1.o
                [!provide]                        PROVIDE (__rel_iplt_start, .)
 *(.rel.iplt)
 .rel.iplt      0x000000000002fbe0        0x0 c:/program files/dspace rcphil 2021-a/compiler/linux440_550/target/arm-linux-gnueabihf/bin/../lib/crt1.o
                [!provide]                        PROVIDE (__rel_iplt_end, .)

.rela.dyn       0x000000000002fbe0        0x0
 *(.rela.init)
 *(.rela.text .rela.text.* .rela.gnu.linkonce.t.*)
 *(.rela.fini)
 *(.rela.rodata .rela.rodata.* .rela.gnu.linkonce.r.*)
 *(.rela.data .rela.data.* .rela.gnu.linkonce.d.*)
 *(.rela.tdata .rela.tdata.* .rela.gnu.linkonce.td.*)
 *(.rela.tbss .rela.tbss.* .rela.gnu.linkonce.tb.*)
 *(.rela.ctors)
 *(.rela.dtors)
 *(.rela.got)
 *(.rela.bss .rela.bss.* .rela.gnu.linkonce.b.*)
                [!provide]                        PROVIDE (__rela_iplt_start, .)
 *(.rela.iplt)
                [!provide]                        PROVIDE (__rela_iplt_end, .)

.rel.plt        0x000000000002fbe0      0x348
 *(.rel.plt)
 .rel.plt       0x000000000002fbe0      0x348 c:/program files/dspace rcphil 2021-a/compiler/linux440_550/target/arm-linux-gnueabihf/bin/../lib/crt1.o

.rela.plt
 *(.rela.plt)

.init           0x000000000002ff28        0xc
 *(SORT(.init))
 .init          0x000000000002ff28        0x8 c:/program files/dspace rcphil 2021-a/compiler/linux440_550/target/arm-linux-gnueabihf/bin/../lib/crti.o
                0x000000000002ff28                _init
 .init          0x000000000002ff30        0x4 c:/program files/dspace rcphil 2021-a/compiler/linux440_550/target/arm-linux-gnueabihf/bin/../lib/crtn.o

.plt            0x000000000002ff34      0x500
 *(.plt)
 .plt           0x000000000002ff34      0x500 c:/program files/dspace rcphil 2021-a/compiler/linux440_550/target/arm-linux-gnueabihf/bin/../lib/crt1.o
                0x000000000002ff48                DsCApplication::DsCApplication(DsCErrorListPool&)
                0x000000000002ff54                operator new(unsigned int)@@GLIBCXX_3.4
                0x000000000002ff60                __fmod_finite@@GLIBC_2.15
                0x000000000002ff6c                DsCTask::setSimTimeVariable(double*)
                0x000000000002ff78                __pow_finite@@GLIBC_2.15
                0x000000000002ff84                sqrt@@GLIBC_2.4
                0x000000000002ff90                DsCImbsIoEncoderIn::setResolution(DsCErrorListPool&, unsigned int)
                0x000000000002ff9c                gettimeofday@@GLIBC_2.4
                0x000000000002ffa8                DsCTask::setDeadlineViolationFunction(DsCErrorListPool&, void (*)(DsCErrorListPool&, DsCTask*))
                0x000000000002ffb4                DsCImbsIoAnalogOut::create(DsCErrorListPool&, DsCApplication*)
                0x000000000002ffc0                DsCFcnModule::create(DsCErrorListPool&, DsCApplication*, char const*)
                0x000000000002ffcc                DsCImbsIoEncoderIn::setEncoderType(DsCErrorListPool&, unsigned int)
                0x000000000002ffd8                fmax@@GLIBC_2.4
                0x000000000002ffe4                DsCApplication::setSlowStart(DsCErrorListPool&, double, double)
                0x000000000002fff0                DsCIoDriver::setName(DsCErrorListPool&, char const*)
                0x000000000002fffc                free@@GLIBC_2.4
                0x0000000000030008                DsCTask::DsCTask(DsCErrorListPool&, DsCApplication*, char const*, unsigned int, unsigned int, unsigned int, unsigned int, unsigned int, unsigned int, unsigned int, DsCTask*, unsigned int)
                0x0000000000030014                DsCTask::bindTrigger(DsCErrorListPool&, DsCTask*, double)
                0x0000000000030020                DsCImbsIoAnalogIn::setMeasurementMode(DsCErrorListPool&, unsigned int)
                0x000000000003002c                DsNApplicationInterface::registerAppl(void*)
                0x0000000000030038                __wrap_exit
                0x0000000000030044                __wrap___assert_fail
                0x0000000000030050                DsNApplicationInterface::registerResource(char const*, void*)
                0x000000000003005c                DsCImbsIoAnalogIn::setEventGeneration(DsCErrorListPool&, unsigned int)
                0x0000000000030068                main
                0x0000000000030074                DsCTask::daqService(unsigned int)
                0x0000000000030080                DsCTask::getOverrunCounter()
                0x000000000003008c                DsCFcnModule::bindDriver(DsCErrorListPool&, DsCIoDriver*)
                0x0000000000030098                DsCImbsIoEncoderIn::setTimeout(DsCErrorListPool&, double)
                0x00000000000300a4                cos@@GLIBC_2.4
                0x00000000000300b0                DsCTimer::create(DsCErrorListPool&, double, double, char const*)
                0x00000000000300bc                memset@@GLIBC_2.4
                0x00000000000300c8                dsrtt_script_service_post_computation
                0x00000000000300d4                DsCImbsIoEncoderIn::setReverseDirection(DsCErrorListPool&, unsigned int)
                0x00000000000300e0                DsCTask::setTaskVariables(DsCErrorListPool&, tagDsSKernelTaskVariables*)
                0x00000000000300ec                DsCApplication::setIoResourceMap(DsCErrorListPool&, void*)
                0x00000000000300f8                snprintf@@GLIBC_2.4
                0x0000000000030104                DsCImbsIoEncoderIn::setGatedMode(DsCErrorListPool&, unsigned int)
                0x0000000000030110                DsCApplication::stop()
                0x000000000003011c                fopen@@GLIBC_2.4
                0x0000000000030128                pow@@GLIBC_2.4
                0x0000000000030134                DsCApplication::~DsCApplication()
                0x0000000000030140                DsCImbsIoEncoderIn::setMinimumPulseDuration(DsCErrorListPool&, double)
                0x000000000003014c                memmove@@GLIBC_2.4
                0x0000000000030158                DsCTask::bindFcnModule(DsCErrorListPool&, DsCFcnModule*)
                0x0000000000030164                DsCIoChannel::getInstance(DsCErrorListPool&, DsSIonetChannelAddress const*)
                0x0000000000030170                __wrap_putchar
                0x000000000003017c                DsCTask::getAbsoluteTime()
                0x0000000000030188                DsCImbsIoEncoderIn::setPositionInitial(DsCErrorListPool&, double)
                0x0000000000030194                DsCTask::getDescription()
                0x00000000000301a0                DsCImbsIoEncoderIn::setThreshold(DsCErrorListPool&, double)
                0x00000000000301ac                operator delete(void*)@@GLIBCXX_3.4
                0x00000000000301b8                __wrap_puts
                0x00000000000301c4                ceil@@GLIBC_2.4
                0x00000000000301d0                DsCImbsIoAnalogIn::setInputValueInitial(DsCErrorListPool&, double)
                0x00000000000301dc                DsCImbsIoEncoderIn::setIndexMode(DsCErrorListPool&, unsigned int)
                0x00000000000301e8                DsCApplication::errorMessage(unsigned char, unsigned int, unsigned int, char const*, unsigned int, unsigned int, char const*, char const*, ...)
                0x00000000000301f4                __cxa_end_cleanup@@CXXABI_1.3
                0x0000000000030200                __wrap_abort
                0x000000000003020c                DsCIoDriver::bindIoChannel(DsCErrorListPool&, DsCIoChannel*, unsigned int, unsigned int)
                0x0000000000030218                DsCTask::trigger()
                0x0000000000030224                DsBusAccessRP_updateAllInputs(DsCErrorListPool&)
                0x0000000000030230                DsCTask::getCurrent()
                0x000000000003023c                calloc@@GLIBC_2.4
                0x0000000000030248                DsCApplication::getFailureSimulationBlock(DsCErrorListPool&)
                0x0000000000030254                DsCImbsIoEncoderIn::setPolarity(DsCErrorListPool&, unsigned int)
                0x0000000000030260                __aeabi_uidiv@@GCC_3.5
                0x000000000003026c                __aeabi_idiv@@GCC_3.5
                0x0000000000030278                DsCTask::~DsCTask()
                0x0000000000030284                sincos@@GLIBC_2.4
                0x0000000000030290                memcpy@@GLIBC_2.4
                0x000000000003029c                __wrap_printf
                0x00000000000302a8                frexp@@GLIBC_2.4
                0x00000000000302b4                dsrtt_set_rtt_task(DsCTask*)
                0x00000000000302c0                malloc@@GLIBC_2.4
                0x00000000000302cc                dsrtt_script_service_pre_computation
                0x00000000000302d8                dsrtt_set_step_size
                0x00000000000302e4                DsCApplication::getDiagnosticBlock(DsCErrorListPool&)
                0x00000000000302f0                fprintf@@GLIBC_2.4
                0x00000000000302fc                fclose@@GLIBC_2.4
                0x0000000000030308                DsCApplication::terminate()
                0x0000000000030314                __aeabi_ul2d@@GCC_3.5
                0x0000000000030320                __isnan@@GLIBC_2.4
                0x000000000003032c                __gxx_personality_v0@@CXXABI_1.3
                0x0000000000030338                DsCImbsIoEncoderIn::setPositionValidInitial(DsCErrorListPool&, unsigned int)
                0x0000000000030344                DsCFcnModule::updateOutputs()
                0x0000000000030350                strcmp@@GLIBC_2.4
                0x000000000003035c                dsrtt_mp_register_config
                0x0000000000030368                DsCFcnModule::updateInputs()
                0x0000000000030374                DsBusAccessRP_updateAllOutputs(DsCErrorListPool&)
                0x0000000000030380                DsCApplication::createErrorList()
                0x000000000003038c                DsCImbsIoEncoderIn::setMeasurementMode(DsCErrorListPool&, unsigned int)
                0x0000000000030398                DsCImbsIoEncoderIn::setPositionUpdate(DsCErrorListPool&, unsigned int)
                0x00000000000303a4                __isoc99_fscanf@@GLIBC_2.7
                0x00000000000303b0                sin@@GLIBC_2.4
                0x00000000000303bc                __libc_start_main@@GLIBC_2.4
                0x00000000000303c8                DsCImbsIoEncoderIn::create(DsCErrorListPool&, DsCApplication*)
                0x00000000000303e0                DsCImbsIoEncoderIn::setSpeedInitial(DsCErrorListPool&, double)
                0x00000000000303ec                DsCTask::getCallCounter()
                0x00000000000303f8                strchr@@GLIBC_2.4
                0x0000000000030404                DsCImbsIoAnalogIn::create(DsCErrorListPool&, DsCApplication*)
                0x0000000000030410                DsCTask::bindBaseTask(DsCErrorListPool&, DsCTask*)
                0x000000000003041c                DsCTask::bindTrigger(DsCErrorListPool&, DsCTimer*)
                0x0000000000030428                floor@@GLIBC_2.4

.iplt           0x0000000000030434        0x0
 *(.iplt)
 .iplt          0x0000000000030434        0x0 c:/program files/dspace rcphil 2021-a/compiler/linux440_550/target/arm-linux-gnueabihf/bin/../lib/crt1.o

.text           0x0000000000030438    0xe7368
 *(.text.unlikely .text.*_unlikely .text.unlikely.*)
 *(.text.exit .text.exit.*)
 *(.text.startup .text.startup.*)
 .text.startup  0x0000000000030438       0x30 dssimengine_main.oarm
                0x0000000000030438                __registerApplDsCApplicationMain()
 .text.startup  0x0000000000030468       0x10 rtosal_simengineap.oarm
                0x0000000000030468                __registerRTTMPConfig()
 .text.startup  0x0000000000030478       0x14 IOCode_Data.oarm
                0x0000000000030478                __registerResourceg_ResourceMap()
 *(.text.hot .text.hot.*)
 *(.text .stub .text.* .gnu.linkonce.t.*)
 .text          0x000000000003048c       0x30 c:/program files/dspace rcphil 2021-a/compiler/linux440_550/target/arm-linux-gnueabihf/bin/../lib/crt1.o
                0x000000000003048c                _start
 .text          0x00000000000304bc       0x24 c:/program files/dspace rcphil 2021-a/compiler/linux440_550/target/arm-linux-gnueabihf/bin/../lib/crti.o
 .text          0x00000000000304e0       0xc8 c:/program files/dspace rcphil 2021-a/compiler/linux440_550/target/arm-linux-gnueabihf/bin/../lib/gcc/arm-linux-gnueabihf/5.5.0/crtbegin.o
 .text          0x00000000000305a8       0x38 mdladapter_mdlfunctions.oarm
                0x00000000000305a8                Furuta_Model_APTerminateSimulation
                0x00000000000305ac                Furuta_Model_APLastApplStateStopped
                0x00000000000305d8                Furuta_Model_APStopSimulation
                0x00000000000305dc                Furuta_Model_APPrintMessage
 .text          0x00000000000305e0        0x0 mdlCode_ap.oarm
 .text          0x00000000000305e0      0x188 data_in_ap.oarm
                0x0000000000030600                ap_read_Furuta_Model_DataInport3_P1_S1
                0x0000000000030630                ap_read_Furuta_Model_DataInport1_P1_S1
                0x0000000000030660                ap_read_Furuta_Model_DataInport1_P2_S1
                0x0000000000030690                ap_read_Furuta_Model_DataInport1_P3_S1
                0x00000000000306cc                ap_read_Furuta_Model_DataInport2_P1_S1
                0x00000000000306fc                ap_read_Furuta_Model_DataInport2_P2_S1
                0x000000000003072c                ap_read_Furuta_Model_DataInport2_P3_S1
 .text          0x0000000000030768       0x20 data_out_ap.oarm
                0x0000000000030770                ap_write_Furuta_Model_DataOutport1_P1_S1
 .text          0x0000000000030788       0x30 fm_entry_ap.oarm
                0x0000000000030788                ap_entry_Furuta_Model_SIDRoot_TID1
                0x0000000000030798                ap_entry_Furuta_Model_SIDS7_TIDtriggered
                0x00000000000307a8                ap_entry_Furuta_Model_SIDS8_TIDtriggered
 .text          0x00000000000307b8       0x30 fm_exit_ap.oarm
                0x00000000000307b8                ap_exit_Furuta_Model_SIDRoot_TID1
                0x00000000000307c8                ap_exit_Furuta_Model_SIDS7_TIDtriggered
                0x00000000000307d8                ap_exit_Furuta_Model_SIDS8_TIDtriggered
 .text          0x00000000000307e8      0x7f0 dssimengine_accesspoint.oarm
                0x00000000000307e8                ApSimEngineOnInit
                0x0000000000030840                ApSimEngineOnStart
                0x0000000000030888                ApSimEngineOnStop
                0x00000000000308d0                ApSimEngineOnTerminate
                0x00000000000308fc                ApSimEngineOnUnload
                0x0000000000030944                ApSimEngineOnInitMdl
                0x0000000000030970                ApSimEngineOnStartMdl
                0x000000000003099c                ApSimEngineOnStopMdl
                0x00000000000309c8                ApSimEngineOnTerminateMdl
                0x00000000000309f4                ApSimEngineOnUnloadMdl
                0x0000000000030a20                ApSimEngineOnInitImc
                0x0000000000030a4c                ApSimEngineOnStartImc
                0x0000000000030a78                ApSimEngineOnStopImc
                0x0000000000030aa4                ApSimEngineOnTerminateImc
                0x0000000000030ad0                ApSimEngineOnUnloadImc
                0x0000000000030afc                ApSimEngineOnInitIoPreRtosInit
                0x0000000000030bd4                ApSimEngineOnInitIoPostRtosInit
                0x0000000000030c28                ApSimEngineOnInitHwDiagnostics
                0x0000000000030d64                ApSimEngineOnStartIo
                0x0000000000030ddc                ApSimEngineOnStopIo
                0x0000000000030e0c                ApSimEngineOnTerminateIo
                0x0000000000030e38                ApSimEngineOnUnloadIo
                0x0000000000030e64                ApSimEngineOnInitRtos
                0x0000000000030eb8                ApSimEngineOnStartRtos
                0x0000000000030ee8                ApSimEngineOnStopRtos
                0x0000000000030f14                ApSimEngineOnTerminateRtos
                0x0000000000030f40                ApSimEngineOnUnloadRtos
                0x0000000000030f6c                ApSimEngineIdle
                0x0000000000030f8c                ApSimEngineRunTimeInit(DsCErrorListPool&, int)
 .text          0x0000000000030fd8       0x40 dssimengine_api.oarm
                0x0000000000030fd8                SimEngineLastApplStateGet()
                0x0000000000030fe8                SimEngineApplStop()
                0x0000000000030ff8                SimEngineApplTerminate()
                0x0000000000031008                SimEngineApplGet()
 .text          0x0000000000031018      0x1fc dssimengine_main.oarm
                0x0000000000031018                destroyApplication
                0x0000000000031030                getApplicationErrorList
                0x0000000000031040                DsCApplicationMain::~DsCApplicationMain()
                0x0000000000031040                DsCApplicationMain::~DsCApplicationMain()
                0x000000000003107c                DsCApplicationMain::~DsCApplicationMain()
                0x00000000000310c0                createApplication
                0x000000000003111c                DsCApplicationMain::onInit(DsCErrorListPool&)
                0x0000000000031148                DsCApplicationMain::onStart(DsCErrorListPool&)
                0x0000000000031174                DsCApplicationMain::onStop(DsCErrorListPool&)
                0x00000000000311a0                DsCApplicationMain::onTerminate(DsCErrorListPool&)
                0x00000000000311cc                DsCApplicationMain::onUnload(DsCErrorListPool&)
                0x00000000000311d4                DsCApplicationMain::onIdle(DsCErrorListPool&)
                0x00000000000311dc                DsCApplicationMain::DsCApplicationMain(DsCErrorListPool&)
                0x00000000000311dc                DsCApplicationMain::DsCApplicationMain(DsCErrorListPool&)
 .text          0x0000000000031214      0xc78 rtosal_task.oarm
                0x0000000000031214                DsCRtosAlPeriodic_Task_1::~DsCRtosAlPeriodic_Task_1()
                0x0000000000031214                DsCRtosAlPeriodic_Task_1::~DsCRtosAlPeriodic_Task_1()
                0x0000000000031240                DsCRtosAlPeriodic_Task_1::~DsCRtosAlPeriodic_Task_1()
                0x0000000000031274                DsCRtosAlAcadosSourceTask::~DsCRtosAlAcadosSourceTask()
                0x0000000000031274                DsCRtosAlAcadosSourceTask::~DsCRtosAlAcadosSourceTask()
                0x00000000000312a0                DsCRtosAlAcadosSourceTask::~DsCRtosAlAcadosSourceTask()
                0x00000000000312d4                DsCRtosAlAcadosTrigger::~DsCRtosAlAcadosTrigger()
                0x00000000000312d4                DsCRtosAlAcadosTrigger::~DsCRtosAlAcadosTrigger()
                0x0000000000031300                DsCRtosAlAcadosTrigger::~DsCRtosAlAcadosTrigger()
                0x0000000000031334                DsCRtosAlTask_iAsynchronous_Function_::~DsCRtosAlTask_iAsynchronous_Function_()
                0x0000000000031334                DsCRtosAlTask_iAsynchronous_Function_::~DsCRtosAlTask_iAsynchronous_Function_()
                0x0000000000031360                DsCRtosAlTask_iAsynchronous_Function_::~DsCRtosAlTask_iAsynchronous_Function_()
                0x0000000000031394                DsCRtosAlPeriodic_Task_1::onRun(DsCErrorListPool&)
                0x00000000000313d4                DsCRtosAlAcadosSourceTask::onRun(DsCErrorListPool&)
                0x00000000000313f4                DsCRtosAlAcadosTrigger::onRun(DsCErrorListPool&)
                0x0000000000031414                DsCRtosAlTask_iAsynchronous_Function_::onRun(DsCErrorListPool&)
                0x0000000000031434                DsCRtosAlTask_iAsynchronous_Function_::onOverrun(DsCErrorListPool&)
                0x0000000000031510                DsCRtosAlPeriodic_Task_1::onOverrun(DsCErrorListPool&)
                0x00000000000315ec                DsCRtosAlAcadosSourceTask::onOverrun(DsCErrorListPool&)
                0x00000000000316c8                DsCRtosAlAcadosTrigger::onOverrun(DsCErrorListPool&)
                0x00000000000317a4                DsCRtosAlPeriodic_Task_1::DsCRtosAlPeriodic_Task_1(DsCErrorListPool&, DsCApplication*, char const*, unsigned int, unsigned int, unsigned int, unsigned int, unsigned int, unsigned int, unsigned int, DsCTask*, unsigned int)
                0x00000000000317a4                DsCRtosAlPeriodic_Task_1::DsCRtosAlPeriodic_Task_1(DsCErrorListPool&, DsCApplication*, char const*, unsigned int, unsigned int, unsigned int, unsigned int, unsigned int, unsigned int, unsigned int, DsCTask*, unsigned int)
                0x0000000000031824                DsCRtosAlPeriodic_Task_1::create(DsCErrorListPool&, DsCApplication*, char const*, unsigned int, unsigned int, unsigned int, unsigned int, unsigned int, unsigned int, unsigned int, DsCTask*, unsigned int)
                0x00000000000318f8                DsCRtosAlAcadosSourceTask::DsCRtosAlAcadosSourceTask(DsCErrorListPool&, DsCApplication*, char const*, unsigned int, unsigned int, unsigned int, unsigned int, unsigned int, unsigned int, unsigned int, DsCTask*, unsigned int)
                0x00000000000318f8                DsCRtosAlAcadosSourceTask::DsCRtosAlAcadosSourceTask(DsCErrorListPool&, DsCApplication*, char const*, unsigned int, unsigned int, unsigned int, unsigned int, unsigned int, unsigned int, unsigned int, DsCTask*, unsigned int)
                0x0000000000031978                DsCRtosAlAcadosSourceTask::create(DsCErrorListPool&, DsCApplication*, char const*, unsigned int, unsigned int, unsigned int, unsigned int, unsigned int, unsigned int, unsigned int, DsCTask*, unsigned int)
                0x0000000000031a4c                DsCRtosAlAcadosTrigger::DsCRtosAlAcadosTrigger(DsCErrorListPool&, DsCApplication*, char const*, unsigned int, unsigned int, unsigned int, unsigned int, unsigned int, unsigned int, unsigned int, DsCTask*, unsigned int)
                0x0000000000031a4c                DsCRtosAlAcadosTrigger::DsCRtosAlAcadosTrigger(DsCErrorListPool&, DsCApplication*, char const*, unsigned int, unsigned int, unsigned int, unsigned int, unsigned int, unsigned int, unsigned int, DsCTask*, unsigned int)
                0x0000000000031acc                DsCRtosAlAcadosTrigger::create(DsCErrorListPool&, DsCApplication*, char const*, unsigned int, unsigned int, unsigned int, unsigned int, unsigned int, unsigned int, unsigned int, DsCTask*, unsigned int)
                0x0000000000031ba0                DsCRtosAlTask_iAsynchronous_Function_::DsCRtosAlTask_iAsynchronous_Function_(DsCErrorListPool&, DsCApplication*, char const*, unsigned int, unsigned int, unsigned int, unsigned int, unsigned int, unsigned int, unsigned int, DsCTask*, unsigned int)
                0x0000000000031ba0                DsCRtosAlTask_iAsynchronous_Function_::DsCRtosAlTask_iAsynchronous_Function_(DsCErrorListPool&, DsCApplication*, char const*, unsigned int, unsigned int, unsigned int, unsigned int, unsigned int, unsigned int, unsigned int, DsCTask*, unsigned int)
                0x0000000000031c20                DsCRtosAlTask_iAsynchronous_Function_::create(DsCErrorListPool&, DsCApplication*, char const*, unsigned int, unsigned int, unsigned int, unsigned int, unsigned int, unsigned int, unsigned int, DsCTask*, unsigned int)
                0x0000000000031cf4                RtosAlDefaultDeadlineViolationHandler(DsCErrorListPool&, DsCTask*)
                0x0000000000031db0                RtosAlProfilerSourcesInitialization()
                0x0000000000031db4                RtosAlHandleOverruns(DsCTask*, int)
 *fill*         0x0000000000031e8c        0x4 
 .text          0x0000000000031e90      0x120 rtosal_taskap.oarm
                0x0000000000031e90                RtosAlTask_01_TaskEntry
                0x0000000000031ea0                RtosAlTask_01_TaskExit
                0x0000000000031f18                RtosAlTask_02_TaskEntry
                0x0000000000031f1c                RtosAlTask_02_TaskExit
                0x0000000000031f6c                RtosAlTask_03_TaskEntry
                0x0000000000031f70                RtosAlTask_03_TaskExit
                0x0000000000031f74                dsmpb_TriggerFunction_Furuta_Model_TriggerEventPortSFcn_TID3_BT1
                0x0000000000031f84                DSMPB_AbsoluteTimeGet
                0x0000000000031fa8                RtosAlfuruta_model_Task_6529a514_a319_41fc_97f5_7ffd89b6ed41_TaskEntry
                0x0000000000031fac                RtosAlfuruta_model_Task_6529a514_a319_41fc_97f5_7ffd89b6ed41_TaskExit
 .text          0x0000000000031fb0      0x4b0 rtosal_simengineap.oarm
                0x0000000000031fb0                RtosAlOnInit(DsCErrorListPool&)
                0x00000000000322a8                RtosAlOnStart(DsCErrorListPool&)
 .text          0x0000000000032460        0x0 IOCode_Data.oarm
 .text          0x0000000000032460      0x6dc dssimengine_accesspoint_Digital_Incremental_Encoder_In.oarm
                0x0000000000032460                ApSimEngineOnInitIoPostRtosInit_ctlcBODY_0_Digital_Incremental_Encoder_In_i1_(DsCErrorListPool&)
                0x0000000000032650                ApSimEngineOnStartIo_ctlcBODY_0_Digital_Incremental_Encoder_In_i1_(DsCErrorListPool&)
                0x0000000000032740                ApSimEngineRunTimeInit_ctlcBODY_0_Digital_Incremental_Encoder_In_i1_(DsCErrorListPool&)
                0x00000000000327a8                ApSimEngineOnInitIoPreRtosInit_ctlcBODY_2_Digital_Incremental_Encoder_In_i1_(DsCErrorListPool&, DsCApplication*)
                0x00000000000327cc                ApSimEngineOnInitIoPostRtosInit_ctlcBODY_0_Digital_Incremental_Encoder_In_i2_(DsCErrorListPool&)
                0x00000000000329bc                ApSimEngineOnStartIo_ctlcBODY_0_Digital_Incremental_Encoder_In_i2_(DsCErrorListPool&)
                0x0000000000032ab0                ApSimEngineRunTimeInit_ctlcBODY_0_Digital_Incremental_Encoder_In_i2_(DsCErrorListPool&)
                0x0000000000032b18                ApSimEngineOnInitIoPreRtosInit_ctlcBODY_2_Digital_Incremental_Encoder_In_i2_(DsCErrorListPool&, DsCApplication*)
 *fill*         0x0000000000032b3c        0x4 
 .text          0x0000000000032b40      0x110 dssimengine_accesspoint_Voltage_In.oarm
                0x0000000000032b40                ApSimEngineRunTimeInit_ctlcBODY_0_Voltage_In_i1_(DsCErrorListPool&)
                0x0000000000032b60                ApSimEngineOnStartIo_ctlcBODY_0_Voltage_In_i1_(DsCErrorListPool&)
                0x0000000000032b80                ApSimEngineOnInitIoPreRtosInit_ctlcBODY_2_Voltage_In_i1_(DsCErrorListPool&, DsCApplication*)
                0x0000000000032ba4                ApSimEngineOnInitIoPostRtosInit_ctlcBODY_0_Voltage_In_i1_(DsCErrorListPool&)
 .text          0x0000000000032c50      0x108 dssimengine_accesspoint_Voltage_Out.oarm
                0x0000000000032c50                ApSimEngineRunTimeInit_ctlcBODY_0_Voltage_Out_i1_(DsCErrorListPool&)
                0x0000000000032c70                ApSimEngineOnStartIo_ctlcBODY_0_Voltage_Out_i1_(DsCErrorListPool&)
                0x0000000000032c90                ApSimEngineOnStopIo_ctlcBODY_0_Voltage_Out_i1_(DsCErrorListPool&)
                0x0000000000032cb0                ApSimEngineOnInitIoPreRtosInit_ctlcBODY_2_Voltage_Out_i1_(DsCErrorListPool&, DsCApplication*)
                0x0000000000032cd4                ApSimEngineOnInitIoPostRtosInit_ctlcBODY_0_Voltage_Out_i1_(DsCErrorListPool&)
 .text          0x0000000000032d58      0x290 C:\Users\Administrator\Furuta\Furuta\Furuta_Acados\Build\Furuta_Model\Compile\Furuta_Model\Furuta_Model.a(Furuta_Model_dsmpbap.oarm)
                0x0000000000032d58                dsmpb_event_task_Furuta_Model_TriggerEventPortSFcn_b_TID0_BT1
                0x0000000000032d5c                dsmpb_event_task_Furuta_Model_TriggerEventPortSFcn_TID3_BT2
                0x0000000000032f94                dsmpb_event_task_Furuta_Model_TriggerEventPortSFcn_g_TID4_BT3
 .text          0x0000000000032fe8      0x284 C:\Users\Administrator\Furuta\Furuta\Furuta_Acados\Build\Furuta_Model\Compile\Furuta_Model\Furuta_Model.a(Furuta_Model_dsrtmdlfcn.oarm)
                0x0000000000032fe8                Furuta_Model_DSRTInitMdl
                0x0000000000033058                Furuta_Model_DSRTStartMdl
                0x00000000000330f4                Furuta_Model_DSRTStopMdl
                0x0000000000033160                Furuta_Model_DSRTCheckForErrorStatus
                0x00000000000331c8                Furuta_Model_DSRTCheckForSimulationStopCondition
 .text          0x000000000003326c        0x8 C:\Users\Administrator\Furuta\Furuta\Furuta_Acados\Build\Furuta_Model\Compile\Furuta_Model\Furuta_Model.a(Furuta_Model_dsrttf.oarm)
                0x000000000003326c                Furuta_Model_DSRTMdlOutputs0
                0x0000000000033270                Furuta_Model_DSRTMdlUpdate0
 *fill*         0x0000000000033274        0x4 
 .text          0x0000000000033278     0x3618 C:\Users\Administrator\Furuta\Furuta\Furuta_Acados\Build\Furuta_Model\Compile\Furuta_Model\Furuta_Model.a(Furuta_Model.oarm)
                0x0000000000033278                Furuta_Mode_MATLABFunction_Init
                0x0000000000033284                Furuta_Mod_MATLABFunction_Reset
                0x0000000000033290                Furuta_Model_MATLABFunction
                0x00000000000332d8                Furuta_Model_Subsystem_Init
                0x0000000000033310                Furuta_Model_Subsystem_Reset
                0x0000000000033324                Furuta_Model_Subsystem
                0x0000000000033384                Furuta_Model_Acados_Init
                0x00000000000334b4                Furuta_Model_Acados_Disable
                0x0000000000033540                Furuta_Model_Acados_Start
                0x0000000000033620                Furuta_Model_Acados
                0x00000000000339c0                Furuta_Model_Acados_Term
                0x00000000000339d8                Furuta_Model_omega_1_ctrl
                0x00000000000339e0                rt_powd_snf
                0x0000000000033b58                rt_roundd_snf
                0x0000000000033bb8                Furuta_Model_output
                0x0000000000035774                Furuta_Model_derivatives
                0x00000000000358b0                Furuta_Model_update
                0x0000000000035b70                Furuta_Model_initialize
                0x0000000000036878                Furuta_Model_terminate
 .text          0x0000000000036890        0x0 C:\Users\Administrator\Furuta\Furuta\Furuta_Acados\Build\Furuta_Model\Compile\Furuta_Model\Furuta_Model.a(Furuta_Model_data.oarm)
 .text          0x0000000000036890      0x17c C:\Users\Administrator\Furuta\Furuta\Furuta_Acados\Build\Furuta_Model\Compile\Furuta_Model\Furuta_Model.a(Furuta_Model_dsrtvdf.oarm)
                0x00000000000369e8                Furuta_Model_rti_init_trc_pointers
 .text          0x0000000000036a0c      0x12c C:\Users\Administrator\Furuta\Furuta\Furuta_Acados\Build\Furuta_Model\Compile\Furuta_Model\Furuta_Model.a(rt_nonfinite.oarm)
                0x0000000000036a0c                rt_InitInfAndNaN
                0x0000000000036a58                rtIsInf
                0x0000000000036a8c                rtIsInfF
                0x0000000000036ac0                rtIsNaN
                0x0000000000036b04                rtIsNaNF
 .text          0x0000000000036b38       0xcc C:\Users\Administrator\Furuta\Furuta\Furuta_Acados\Build\Furuta_Model\Compile\Furuta_Model\Furuta_Model.a(rt_zcfcn.oarm)
                0x0000000000036b38                rt_ZCFcn
 .text          0x0000000000036c04      0x5ac C:\Users\Administrator\Furuta\Furuta\Furuta_Acados\Build\Furuta_Model\Compile\Furuta_Model\Furuta_Model.a(acados_solver_sfunction_furuta.oarm)
                0x000000000003716c                acados_solver_sfunction_furuta
 .text          0x00000000000371b0       0x40 C:\Users\Administrator\Furuta\Furuta\Furuta_Acados\Build\Furuta_Model\Compile\Furuta_Model\Furuta_Model.a(rtGetInf.oarm)
                0x00000000000371b0                rtGetInf
                0x00000000000371c4                rtGetInfF
                0x00000000000371d0                rtGetMinusInf
                0x00000000000371e4                rtGetMinusInfF
 .text          0x00000000000371f0       0x20 C:\Users\Administrator\Furuta\Furuta\Furuta_Acados\Build\Furuta_Model\Compile\Furuta_Model\Furuta_Model.a(rtGetNaN.oarm)
                0x00000000000371f0                rtGetNaN
                0x0000000000037204                rtGetNaNF
 .text          0x0000000000037210     0x2500 C:\Users\Administrator\Furuta\Furuta\Furuta_Acados\Build\Furuta_Model\Compile\Furuta_Model\Furuta_Model.a(acados_solver_furuta.oarm)
                0x0000000000037210                furuta_acados_create_capsule
                0x0000000000037218                furuta_acados_free_capsule
                0x0000000000037234                furuta_acados_update_time_steps
                0x0000000000037318                furuta_acados_create_1_set_plan
                0x000000000003742c                furuta_acados_create_2_create_and_set_dimensions
                0x0000000000037bb0                furuta_acados_create_3_create_and_set_functions
                0x0000000000037da8                furuta_acados_create_4_set_default_parameters
                0x0000000000037dac                furuta_acados_create_5_set_nlp_in
                0x000000000003870c                furuta_acados_create_6_set_opts
                0x0000000000038af4                furuta_acados_create
                0x0000000000038d90                furuta_acados_create_7_set_nlp_out
                0x0000000000038e94                furuta_acados_create_9_precompute
                0x0000000000038ed0                furuta_acados_create_with_discretization
                0x00000000000391e8                furuta_acados_update_qp_solver_cond_N
                0x0000000000039204                furuta_acados_reset
                0x00000000000393c0                furuta_acados_update_params
                0x0000000000039454                furuta_acados_update_params_sparse
                0x0000000000039490                furuta_acados_solve
                0x000000000003949c                furuta_acados_free
                0x0000000000039558                furuta_acados_print_stats
                0x00000000000396a0                furuta_acados_custom_update
                0x00000000000396d0                furuta_acados_get_nlp_in
                0x00000000000396d8                furuta_acados_get_nlp_out
                0x00000000000396e0                furuta_acados_get_sens_out
                0x00000000000396e8                furuta_acados_get_nlp_solver
                0x00000000000396f0                furuta_acados_get_nlp_config
                0x00000000000396f8                furuta_acados_get_nlp_opts
                0x0000000000039700                furuta_acados_get_nlp_dims
                0x0000000000039708                furuta_acados_get_nlp_plan
 .text          0x0000000000039710      0x378 C:\Users\Administrator\Furuta\Furuta\Furuta_Acados\Build\Furuta_Model\Compile\Furuta_Model\Furuta_Model.a(furuta_expl_ode_fun.oarm)
                0x0000000000039710                furuta_expl_ode_fun_sq
                0x0000000000039718                furuta_expl_ode_fun
                0x00000000000399a0                furuta_expl_ode_fun_alloc_mem
                0x00000000000399a8                furuta_expl_ode_fun_init_mem
                0x00000000000399b0                furuta_expl_ode_fun_free_mem
                0x00000000000399b4                furuta_expl_ode_fun_checkout
                0x00000000000399bc                furuta_expl_ode_fun_release
                0x00000000000399c0                furuta_expl_ode_fun_incref
                0x00000000000399c4                furuta_expl_ode_fun_decref
                0x00000000000399c8                furuta_expl_ode_fun_n_in
                0x00000000000399d0                furuta_expl_ode_fun_n_out
                0x00000000000399d8                furuta_expl_ode_fun_default_in
                0x00000000000399e8                furuta_expl_ode_fun_name_in
                0x0000000000039a00                furuta_expl_ode_fun_name_out
                0x0000000000039a18                furuta_expl_ode_fun_sparsity_in
                0x0000000000039a38                furuta_expl_ode_fun_sparsity_out
                0x0000000000039a50                furuta_expl_ode_fun_work
 .text          0x0000000000039a88     0x1158 C:\Users\Administrator\Furuta\Furuta\Furuta_Acados\Build\Furuta_Model\Compile\Furuta_Model\Furuta_Model.a(furuta_expl_vde_forw.oarm)
                0x0000000000039a88                furuta_expl_vde_forw_sq
                0x0000000000039a90                furuta_expl_vde_forw
                0x000000000003aacc                furuta_expl_vde_forw_alloc_mem
                0x000000000003aad4                furuta_expl_vde_forw_init_mem
                0x000000000003aadc                furuta_expl_vde_forw_free_mem
                0x000000000003aae0                furuta_expl_vde_forw_checkout
                0x000000000003aae8                furuta_expl_vde_forw_release
                0x000000000003aaec                furuta_expl_vde_forw_incref
                0x000000000003aaf0                furuta_expl_vde_forw_decref
                0x000000000003aaf4                furuta_expl_vde_forw_n_in
                0x000000000003aafc                furuta_expl_vde_forw_n_out
                0x000000000003ab04                furuta_expl_vde_forw_default_in
                0x000000000003ab18                furuta_expl_vde_forw_name_in
                0x000000000003ab30                furuta_expl_vde_forw_name_out
                0x000000000003ab50                furuta_expl_vde_forw_sparsity_in
                0x000000000003ab70                furuta_expl_vde_forw_sparsity_out
                0x000000000003aba8                furuta_expl_vde_forw_work
 .text          0x000000000003abe0     0x7d70 C:\Users\Administrator\acados_neu\buildDS1403\install\lib\libacados.a(ocp_nlp_common.c.obj)
                0x000000000003adc8                ocp_nlp_config_calculate_size
                0x000000000003ae64                ocp_nlp_config_assign
                0x000000000003af70                ocp_nlp_dims_calculate_size
                0x000000000003b060                ocp_nlp_dims_assign
                0x000000000003b32c                ocp_nlp_dims_set_opt_vars
                0x000000000003c130                ocp_nlp_dims_set_constraints
                0x000000000003c4bc                ocp_nlp_dims_set_cost
                0x000000000003c4ec                ocp_nlp_dims_set_dynamics
                0x000000000003c51c                ocp_nlp_in_calculate_size_self
                0x000000000003c538                ocp_nlp_in_calculate_size
                0x000000000003c5f0                ocp_nlp_in_assign_self
                0x000000000003c678                ocp_nlp_in_assign
                0x000000000003c7b0                ocp_nlp_out_calculate_size
                0x000000000003c8c8                ocp_nlp_out_assign
                0x000000000003cbe0                ocp_nlp_opts_calculate_size
                0x000000000003cce0                ocp_nlp_opts_assign
                0x000000000003cec0                ocp_nlp_opts_initialize_default
                0x000000000003d038                ocp_nlp_opts_update
                0x000000000003d110                ocp_nlp_opts_set
                0x000000000003d7cc                ocp_nlp_opts_set_at_stage
                0x000000000003d92c                ocp_nlp_workspace_calculate_size
                0x000000000003de44                ocp_nlp_workspace_assign
                0x000000000003e488                ocp_nlp_alias_memory_to_submodules
                0x000000000003ec0c                ocp_nlp_initialize_submodules
                0x000000000003ed28                ocp_nlp_initialize_t_slacks
                0x000000000003ee04                ocp_nlp_approximate_qp_matrices
                0x000000000003f268                ocp_nlp_approximate_qp_vectors_sqp
                0x000000000003f3e8                ocp_nlp_zero_order_qp_update
                0x000000000003f668                ocp_nlp_level_c_update
                0x000000000003f9e4                ocp_nlp_compute_merit_gradient
                0x0000000000040018                ocp_nlp_evaluate_merit_fun
                0x0000000000040330                ocp_nlp_line_search
                0x0000000000040904                ocp_nlp_update_variables_sqp
                0x0000000000040ba4                ocp_nlp_precompute_common
                0x0000000000040e80                ocp_nlp_res_calculate_size
                0x0000000000040f70                ocp_nlp_memory_calculate_size
                0x0000000000041350                ocp_nlp_res_assign
                0x00000000000414ec                ocp_nlp_memory_assign
                0x0000000000041af8                ocp_nlp_res_compute
                0x0000000000041eb8                ocp_nlp_res_get_inf_norm
                0x0000000000041ef4                copy_ocp_nlp_out
                0x0000000000042034                ocp_nlp_cost_compute
                0x00000000000421a4                ocp_nlp_params_jac_compute
                0x00000000000422b8                ocp_nlp_common_eval_param_sens
                0x00000000000426f8                ocp_nlp_common_eval_lagr_grad_p
 .text          0x0000000000042950        0xc C:\Users\Administrator\acados_neu\buildDS1403\install\lib\libacados.a(ocp_nlp_constraints_common.c.obj)
                0x0000000000042950                ocp_nlp_constraints_config_calculate_size
                0x0000000000042958                ocp_nlp_constraints_config_assign
 .text          0x000000000004295c        0xc C:\Users\Administrator\acados_neu\buildDS1403\install\lib\libacados.a(ocp_nlp_cost_common.c.obj)
                0x000000000004295c                ocp_nlp_cost_config_calculate_size
                0x0000000000042964                ocp_nlp_cost_config_assign
 .text          0x0000000000042968       0x30 C:\Users\Administrator\acados_neu\buildDS1403\install\lib\libacados.a(ocp_nlp_dynamics_common.c.obj)
                0x0000000000042968                ocp_nlp_dynamics_config_calculate_size
                0x0000000000042978                ocp_nlp_dynamics_config_assign
 .text          0x0000000000042998      0x3ac C:\Users\Administrator\acados_neu\buildDS1403\install\lib\libacados.a(ocp_nlp_reg_common.c.obj)
                0x0000000000042998                ocp_nlp_reg_config_calculate_size
                0x00000000000429a0                ocp_nlp_reg_config_assign
                0x00000000000429a4                ocp_nlp_reg_dims_calculate_size
                0x00000000000429b8                ocp_nlp_reg_dims_assign
                0x0000000000042a68                ocp_nlp_reg_dims_set
                0x0000000000042b6c                acados_reconstruct_A
                0x0000000000042c38                acados_mirror
                0x0000000000042cd0                acados_project
 *fill*         0x0000000000042d44        0x4 
 .text          0x0000000000042d48     0x1298 C:\Users\Administrator\acados_neu\buildDS1403\install\lib\libacados.a(ocp_qp_common.c.obj)
                0x0000000000042d48                ocp_qp_solver_config_calculate_size
                0x0000000000042d50                ocp_qp_solver_config_assign
                0x0000000000042d54                ocp_qp_condensing_config_calculate_size
                0x0000000000042d5c                ocp_qp_condensing_config_assign
                0x0000000000042d60                ocp_qp_dims_calculate_size
                0x0000000000042d9c                ocp_qp_dims_assign
                0x0000000000042de4                ocp_qp_dims_set
                0x0000000000042e00                ocp_qp_dims_get
                0x0000000000042e10                ocp_qp_in_calculate_size
                0x0000000000042e64                ocp_qp_in_assign
                0x0000000000042f00                ocp_qp_out_calculate_size
                0x0000000000042f54                ocp_qp_out_assign
                0x0000000000043004                ocp_qp_res_calculate_size
                0x0000000000043014                ocp_qp_res_assign
                0x0000000000043038                ocp_qp_res_workspace_calculate_size
                0x0000000000043048                ocp_qp_res_workspace_assign
                0x000000000004306c                ocp_qp_res_compute_nrm_inf
                0x00000000000432c4                ocp_qp_stack_slacks_dims
                0x00000000000434d8                ocp_qp_stack_slacks
                0x0000000000043dc8                ocp_qp_compute_t
                0x0000000000043f98                ocp_qp_res_compute
 .text          0x0000000000043fe0      0xd98 C:\Users\Administrator\acados_neu\buildDS1403\install\lib\libacados.a(ocp_qp_xcond_solver.c.obj)
                0x0000000000043fe0                ocp_qp_xcond_solver_opts_calculate_size
                0x0000000000044044                ocp_qp_xcond_solver_opts_assign
                0x00000000000440d8                ocp_qp_xcond_solver_opts_initialize_default
                0x000000000004413c                ocp_qp_xcond_solver_opts_update
                0x00000000000441a0                ocp_qp_xcond_solver_memory_calculate_size
                0x0000000000044210                ocp_qp_xcond_solver_memory_assign
                0x00000000000442fc                ocp_qp_xcond_solver_memory_reset
                0x0000000000044358                ocp_qp_xcond_solver_get
                0x0000000000044380                ocp_qp_xcond_solver_workspace_calculate_size
                0x00000000000443f0                ocp_qp_xcond_solver_dims_calculate_size
                0x0000000000044424                ocp_qp_xcond_solver_dims_assign
                0x0000000000044488                ocp_qp_xcond_solver_dims_set_
                0x00000000000444d8                ocp_qp_xcond_solver_dims_get_
                0x00000000000444e0                ocp_qp_xcond_solver_opts_set_
                0x00000000000445a8                ocp_qp_xcond_solver_memory_get
                0x000000000004468c                ocp_qp_xcond_condense_rhs_and_solve
                0x0000000000044854                ocp_qp_xcond_condense_lhs
                0x0000000000044944                ocp_qp_xcond_solver_eval_sens
                0x0000000000044a30                ocp_qp_xcond_solve
                0x0000000000044be8                ocp_qp_xcond_solver_config_calculate_size
                0x0000000000044c04                ocp_qp_xcond_solver_config_assign
                0x0000000000044c38                ocp_qp_xcond_solver_config_initialize_default
 .text          0x0000000000044d78     0x1190 C:\Users\Administrator\acados_neu\buildDS1403\install\lib\libacados.a(sim_common.c.obj)
                0x0000000000044d78                sim_config_calculate_size
                0x0000000000044d80                sim_config_assign
                0x0000000000044d84                sim_in_calculate_size
                0x0000000000044e4c                sim_in_assign
                0x0000000000044f8c                sim_in_assign_and_advance
                0x00000000000450c4                sim_in_set_
                0x000000000004544c                sim_out_calculate_size
                0x0000000000045504                sim_out_assign
                0x0000000000045628                sim_out_get_
                0x0000000000045bb8                sim_opts_set_
                0x0000000000045e3c                sim_opts_get_
 .text          0x0000000000045f08     0x2850 C:\Users\Administrator\acados_neu\buildDS1403\install\lib\libacados.a(math.c.obj)
                0x0000000000045f08                dgemm_nn_3l
                0x0000000000045fd0                daxpy_3l
                0x0000000000045ff8                dscal_3l
                0x000000000004601c                dmcopy
                0x0000000000046080                idamax_3l
                0x00000000000460e4                dswap_3l
                0x0000000000046128                dger_3l
                0x00000000000461c4                dgetf2_3l
                0x0000000000046428                dlaswp_3l
                0x000000000004655c                dtrsm_llnu_3l
                0x00000000000465f8                dtrsm_lunn_3l
                0x00000000000466dc                dgetrs_3l
                0x0000000000046770                dgesv_3l
                0x00000000000467e4                onenorm
                0x0000000000046870                padeapprox
                0x0000000000047a44                expm
                0x0000000000047c34                acados_eigen_decomposition
                0x00000000000485d8                minimum_of_doubles
                0x0000000000048608                neville_algorithm
 .text          0x0000000000048758      0x1a8 C:\Users\Administrator\acados_neu\buildDS1403\install\lib\libacados.a(mem.c.obj)
                0x0000000000048758                acados_get_pointer_size
                0x0000000000048760                make_int_multiple_of
                0x0000000000048794                align_char_to
                0x00000000000487c8                acados_malloc
                0x00000000000487cc                acados_calloc
                0x00000000000487d0                assign_and_advance_double_ptrs
                0x00000000000487e8                assign_and_advance_int_ptrs
                0x0000000000048800                assign_and_advance_blasfeo_dvec_structs
                0x000000000004881c                assign_and_advance_blasfeo_dmat_structs
                0x0000000000048838                assign_and_advance_blasfeo_dmat_ptrs
                0x0000000000048850                assign_and_advance_char
                0x0000000000048868                assign_and_advance_int
                0x0000000000048880                assign_and_advance_bool
                0x0000000000048898                assign_and_advance_double
                0x00000000000488b0                assign_and_advance_blasfeo_dvec_mem
                0x00000000000488d8                assign_and_advance_blasfeo_dmat_mem
 .text          0x0000000000048900       0x70 C:\Users\Administrator\acados_neu\buildDS1403\install\lib\libacados.a(timing.c.obj)
                0x0000000000048900                acados_tic
                0x0000000000048908                acados_toc
 .text          0x0000000000048970      0x208 C:\Users\Administrator\acados_neu\buildDS1403\install\lib\libacados.a(external_function_interface.c.obj)
                0x0000000000048970                external_function_param_generic_create
                0x0000000000048998                external_function_param_generic_free
                0x00000000000489a0                external_function_casadi_create
                0x00000000000489c8                external_function_casadi_create_array
                0x0000000000048a74                external_function_casadi_free
                0x0000000000048a7c                external_function_casadi_free_array
                0x0000000000048a84                external_function_param_casadi_create
                0x0000000000048aac                external_function_param_casadi_create_array
                0x0000000000048b68                external_function_param_casadi_free
                0x0000000000048b70                external_function_param_casadi_free_array
 .text          0x0000000000048b78     0x2b04 C:\Users\Administrator\acados_neu\buildDS1403\install\lib\libacados.a(ocp_nlp_interface.c.obj)
                0x0000000000048b78                ocp_nlp_plan_create
                0x0000000000049024                ocp_nlp_plan_destroy
                0x0000000000049028                ocp_nlp_config_create
                0x0000000000049384                ocp_nlp_config_destroy
                0x0000000000049388                ocp_nlp_dims_create
                0x00000000000493b8                ocp_nlp_dims_destroy
                0x00000000000493c0                ocp_nlp_in_create
                0x00000000000493f8                ocp_nlp_in_destroy
                0x0000000000049400                ocp_nlp_in_set
                0x000000000004945c                ocp_nlp_dynamics_model_set
                0x000000000004949c                ocp_nlp_cost_model_set
                0x00000000000494d4                ocp_nlp_constraints_model_set
                0x000000000004950c                ocp_nlp_constraints_model_get
                0x0000000000049544                ocp_nlp_out_create
                0x000000000004957c                ocp_nlp_out_destroy
                0x0000000000049584                ocp_nlp_out_set
                0x0000000000049794                ocp_nlp_out_get
                0x0000000000049a28                ocp_nlp_dims_get_from_attr
                0x0000000000049fb8                ocp_nlp_constraint_dims_get_from_attr
                0x000000000004a308                ocp_nlp_qp_dims_get_from_attr
                0x000000000004a80c                ocp_nlp_cost_dims_get_from_attr
                0x000000000004aabc                ocp_nlp_solver_opts_create
                0x000000000004ab10                ocp_nlp_solver_opts_set
                0x000000000004ab18                ocp_nlp_solver_opts_set_at_stage
                0x000000000004ab20                ocp_nlp_solver_opts_update
                0x000000000004ab28                ocp_nlp_solver_opts_destroy
                0x000000000004ab2c                ocp_nlp_solver_create
                0x000000000004abe0                ocp_nlp_solver_destroy
                0x000000000004abe4                ocp_nlp_solver_reset_qp_memory
                0x000000000004ac1c                ocp_nlp_solve
                0x000000000004ac54                ocp_nlp_precompute
                0x000000000004ac8c                ocp_nlp_eval_param_sens
                0x000000000004acdc                ocp_nlp_eval_lagrange_grad_p
                0x000000000004ad24                ocp_nlp_eval_residuals
                0x000000000004ad84                ocp_nlp_eval_cost
                0x000000000004ae40                ocp_nlp_eval_params_jac
                0x000000000004aef0                ocp_nlp_get
                0x000000000004af20                ocp_nlp_get_at_stage
                0x000000000004b518                ocp_nlp_set
 .text          0x000000000004b67c      0x74c C:\Users\Administrator\acados_neu\buildDS1403\install\lib\libacados.a(ocp_qp_interface.c.obj)
                0x000000000004b67c                ocp_qp_xcond_solver_config_initialize_from_plan
                0x000000000004b714                ocp_qp_xcond_solver_config_create
                0x000000000004b748                ocp_qp_xcond_solver_config_free
                0x000000000004b74c                ocp_qp_dims_create
                0x000000000004b778                ocp_qp_dims_free
                0x000000000004b77c                ocp_qp_xcond_solver_dims_create
                0x000000000004b7ac                ocp_qp_xcond_solver_dims_create_from_ocp_qp_dims
                0x000000000004baf8                ocp_qp_xcond_solver_dims_free
                0x000000000004bafc                ocp_qp_in_create
                0x000000000004bb24                ocp_qp_in_set
                0x000000000004bb3c                ocp_qp_in_free
                0x000000000004bb40                ocp_qp_out_create
                0x000000000004bb68                ocp_qp_out_free
                0x000000000004bb6c                ocp_qp_out_get
                0x000000000004bbc0                ocp_qp_xcond_solver_opts_create
                0x000000000004bc14                ocp_qp_xcond_solver_opts_free
                0x000000000004bc18                ocp_qp_xcond_solver_opts_set
                0x000000000004bc1c                ocp_qp_calculate_size
                0x000000000004bc58                ocp_qp_assign
                0x000000000004bcbc                ocp_qp_create
                0x000000000004bd08                ocp_qp_solve
                0x000000000004bd40                ocp_qp_solver_destroy
                0x000000000004bd44                ocp_qp_inf_norm_residuals
 .text          0x000000000004bdc8      0x5c8 C:\Users\Administrator\acados_neu\buildDS1403\install\lib\libacados.a(dense_qp_hpipm.c.obj)
                0x000000000004bdc8                dense_qp_hpipm_opts_update
                0x000000000004bdcc                dense_qp_hpipm_workspace_calculate_size
                0x000000000004bdd4                dense_qp_hpipm_opts_calculate_size
                0x000000000004be10                dense_qp_hpipm_opts_assign
                0x000000000004be60                dense_qp_hpipm_opts_initialize_default
                0x000000000004bee0                dense_qp_hpipm_opts_set
                0x000000000004c038                dense_qp_hpipm_memory_calculate_size
                0x000000000004c07c                dense_qp_hpipm_memory_assign
                0x000000000004c0d0                dense_qp_hpipm
                0x000000000004c1d0                dense_qp_hpipm_eval_sens
                0x000000000004c1e8                dense_qp_hpipm_memory_reset
                0x000000000004c204                dense_qp_hpipm_solver_get
                0x000000000004c220                dense_qp_hpipm_memory_get
                0x000000000004c2a0                dense_qp_hpipm_config_initialize_default
 .text          0x000000000004c390     0x2f54 C:\Users\Administrator\acados_neu\buildDS1403\install\lib\libacados.a(ocp_nlp_constraints_bgh.c.obj)
                0x000000000004c390                ocp_nlp_constraints_bgh_dims_assign
                0x000000000004c3e0                ocp_nlp_constraints_bgh_opts_calculate_size
                0x000000000004c3e8                ocp_nlp_constraints_bgh_opts_assign
                0x000000000004c3f0                ocp_nlp_constraints_bgh_opts_initialize_default
                0x000000000004c400                ocp_nlp_constraints_bgh_opts_update
                0x000000000004c404                ocp_nlp_constraints_bgh_memory_get_fun_ptr
                0x000000000004c408                ocp_nlp_constraints_bgh_memory_get_adj_ptr
                0x000000000004c410                ocp_nlp_constraints_bgh_memory_set_ux_ptr
                0x000000000004c418                ocp_nlp_constraints_bgh_memory_set_lam_ptr
                0x000000000004c420                ocp_nlp_constraints_bgh_memory_set_DCt_ptr
                0x000000000004c428                ocp_nlp_constraints_bgh_memory_set_RSQrq_ptr
                0x000000000004c430                ocp_nlp_constraints_bgh_memory_set_z_alg_ptr
                0x000000000004c438                ocp_nlp_constraints_bgh_memory_set_dzduxt_ptr
                0x000000000004c440                ocp_nlp_constraints_bgh_memory_set_idxb_ptr
                0x000000000004c448                ocp_nlp_constraints_bgh_memory_set_idxs_rev_ptr
                0x000000000004c450                ocp_nlp_constraints_bgh_memory_set_idxe_ptr
                0x000000000004c458                ocp_nlp_constraints_bgh_config_initialize_default
                0x000000000004c668                ocp_nlp_constraints_bgh_dims_calculate_size
                0x000000000004c690                ocp_nlp_constraints_bgh_dims_set
                0x000000000004c99c                ocp_nlp_constraints_bgh_dims_get
                0x000000000004ccc0                ocp_nlp_constraints_bgh_memory_calculate_size
                0x000000000004cd4c                ocp_nlp_constraints_bgh_model_calculate_size
                0x000000000004cdf0                ocp_nlp_constraints_bgh_workspace_calculate_size
                0x000000000004cea8                ocp_nlp_constraints_bgh_memory_assign
                0x000000000004cf40                ocp_nlp_constraints_bgh_model_assign
                0x000000000004d070                ocp_nlp_constraints_bgh_model_set
                0x000000000004dfa4                ocp_nlp_constraints_bgh_model_get
                0x000000000004e5c8                ocp_nlp_constraints_bgh_initialize
                0x000000000004e814                ocp_nlp_constraints_bgh_update_qp_vectors
                0x000000000004e910                ocp_nlp_constraints_bgh_opts_set
                0x000000000004ea98                ocp_nlp_constraints_bgh_compute_fun
                0x000000000004ed00                ocp_nlp_constraints_bgh_update_qp_matrices
 *fill*         0x000000000004f2e4        0x4 
 .text          0x000000000004f2e8     0x2870 C:\Users\Administrator\acados_neu\buildDS1403\install\lib\libacados.a(ocp_nlp_constraints_bgp.c.obj)
                0x000000000004f2e8                ocp_nlp_constraints_bgp_dims_calculate_size
                0x000000000004f2f0                ocp_nlp_constraints_bgp_dims_assign
                0x000000000004f344                ocp_nlp_constraints_bgp_opts_calculate_size
                0x000000000004f34c                ocp_nlp_constraints_bgp_opts_assign
                0x000000000004f354                ocp_nlp_constraints_bgp_opts_initialize_default
                0x000000000004f364                ocp_nlp_constraints_bgp_opts_update
                0x000000000004f368                ocp_nlp_constraints_bgp_memory_get_fun_ptr
                0x000000000004f36c                ocp_nlp_constraints_bgp_memory_get_adj_ptr
                0x000000000004f374                ocp_nlp_constraints_bgp_memory_set_ux_ptr
                0x000000000004f37c                ocp_nlp_constraints_bgp_memory_set_lam_ptr
                0x000000000004f384                ocp_nlp_constraints_bgp_memory_set_DCt_ptr
                0x000000000004f38c                ocp_nlp_constraints_bgp_memory_set_RSQrq_ptr
                0x000000000004f394                ocp_nlp_constraints_bgp_memory_set_z_alg_ptr
                0x000000000004f39c                ocp_nlp_constraints_bgp_memory_set_dzduxt_ptr
                0x000000000004f3a4                ocp_nlp_constraints_bgp_memory_set_idxb_ptr
                0x000000000004f3ac                ocp_nlp_constraints_bgp_memory_set_idxs_rev_ptr
                0x000000000004f3b4                ocp_nlp_constraints_bgp_memory_set_idxe_ptr
                0x000000000004f3bc                ocp_nlp_constraints_bgp_config_initialize_default
                0x000000000004f5cc                ocp_nlp_constraints_bgp_dims_set
                0x000000000004f928                ocp_nlp_constraints_bgp_dims_get
                0x000000000004fc44                ocp_nlp_constraints_bgp_memory_calculate_size
                0x000000000004fc98                ocp_nlp_constraints_bgp_model_calculate_size
                0x000000000004fd10                ocp_nlp_constraints_bgp_memory_assign
                0x000000000004fd98                ocp_nlp_constraints_bgp_model_assign
                0x000000000004fec0                ocp_nlp_constraints_bgp_model_set
                0x0000000000050dc4                ocp_nlp_constraints_bgp_model_get
                0x0000000000050e68                ocp_nlp_constraints_bgp_workspace_calculate_size
                0x0000000000050f48                ocp_nlp_constraints_bgp_initialize
                0x0000000000051194                ocp_nlp_constraints_bgp_update_qp_vectors
                0x0000000000051290                ocp_nlp_constraints_bgp_opts_set
                0x0000000000051414                ocp_nlp_constraints_bgp_compute_fun
                0x0000000000051678                ocp_nlp_constraints_bgp_update_qp_matrices
 .text          0x0000000000051b58     0x13c4 C:\Users\Administrator\acados_neu\buildDS1403\install\lib\libacados.a(ocp_nlp_cost_conl.c.obj)
                0x0000000000051b58                ocp_nlp_cost_conl_dims_calculate_size
                0x0000000000051b60                ocp_nlp_cost_conl_dims_assign
                0x0000000000051b68                ocp_nlp_cost_conl_opts_assign
                0x0000000000051b70                ocp_nlp_cost_conl_opts_initialize_default
                0x0000000000051b7c                ocp_nlp_cost_conl_opts_update
                0x0000000000051b80                ocp_nlp_cost_conl_memory_get_fun_ptr
                0x0000000000051b88                ocp_nlp_cost_conl_memory_get_W_chol_ptr
                0x0000000000051b90                ocp_nlp_cost_conl_memory_get_W_chol_diag_ptr
                0x0000000000051b98                ocp_nlp_cost_conl_get_outer_hess_is_diag_ptr
                0x0000000000051ba0                ocp_nlp_cost_conl_memory_get_grad_ptr
                0x0000000000051ba4                ocp_nlp_cost_conl_model_get_y_ref_ptr
                0x0000000000051bac                ocp_nlp_cost_conl_memory_set_RSQrq_ptr
                0x0000000000051bb4                ocp_nlp_cost_conl_memory_set_Z_ptr
                0x0000000000051bbc                ocp_nlp_cost_conl_memory_set_ux_ptr
                0x0000000000051bc4                ocp_nlp_cost_conl_memory_set_z_alg_ptr
                0x0000000000051bcc                ocp_nlp_cost_conl_memory_set_dzdux_tran_ptr
                0x0000000000051bd4                ocp_nlp_cost_conl_precompute
                0x0000000000051bd8                ocp_nlp_cost_conl_config_initialize_default
                0x0000000000051e08                ocp_nlp_cost_conl_dims_set
                0x0000000000051ef0                ocp_nlp_cost_conl_model_calculate_size
                0x0000000000051f14                ocp_nlp_cost_conl_model_assign
                0x0000000000051fcc                ocp_nlp_cost_conl_compute_jac_p
                0x0000000000051fe8                ocp_nlp_cost_conl_eval_grad_p
                0x0000000000052004                ocp_nlp_cost_conl_model_set
                0x0000000000052244                ocp_nlp_cost_conl_opts_calculate_size
                0x0000000000052268                ocp_nlp_cost_conl_memory_calculate_size
                0x00000000000522b0                ocp_nlp_cost_conl_workspace_calculate_size
                0x0000000000052350                ocp_nlp_cost_conl_memory_assign
                0x00000000000523cc                ocp_nlp_cost_conl_dims_get
                0x000000000005241c                ocp_nlp_cost_conl_opts_set
                0x0000000000052588                ocp_nlp_cost_conl_compute_fun
                0x00000000000526e0                ocp_nlp_cost_conl_update_qp_matrices
                0x0000000000052bb8                ocp_nlp_cost_conl_compute_gradient
                0x0000000000052e28                ocp_nlp_cost_conl_initialize
 *fill*         0x0000000000052f1c        0x4 
 .text          0x0000000000052f20     0x1440 C:\Users\Administrator\acados_neu\buildDS1403\install\lib\libacados.a(ocp_nlp_cost_external.c.obj)
                0x0000000000052f20                ocp_nlp_cost_external_dims_calculate_size
                0x0000000000052f28                ocp_nlp_cost_external_dims_assign
                0x0000000000052f44                ocp_nlp_cost_external_opts_assign
                0x0000000000052f4c                ocp_nlp_cost_external_opts_initialize_default
                0x0000000000052f5c                ocp_nlp_cost_external_opts_update
                0x0000000000052f60                ocp_nlp_cost_external_memory_get_fun_ptr
                0x0000000000052f68                ocp_nlp_cost_external_memory_get_grad_ptr
                0x0000000000052f70                ocp_nlp_cost_external_memory_set_RSQrq_ptr
                0x0000000000052f78                ocp_nlp_cost_external_memory_set_Z_ptr
                0x0000000000052f80                ocp_nlp_cost_external_memory_set_ux_ptr
                0x0000000000052f88                ocp_nlp_cost_external_memory_set_z_alg_ptr
                0x0000000000052f90                ocp_nlp_cost_external_memory_set_dzdux_tran_ptr
                0x0000000000052f98                ocp_nlp_cost_external_precompute
                0x0000000000052f9c                ocp_nlp_cost_external_config_initialize_default
                0x000000000005319c                ocp_nlp_cost_external_dims_set
                0x000000000005326c                ocp_nlp_cost_external_dims_get
                0x000000000005328c                ocp_nlp_cost_external_model_calculate_size
                0x00000000000532bc                ocp_nlp_cost_external_memory_calculate_size
                0x000000000005330c                ocp_nlp_cost_external_workspace_calculate_size
                0x0000000000053380                ocp_nlp_cost_external_model_assign
                0x000000000005340c                ocp_nlp_cost_external_memory_assign
                0x0000000000053488                ocp_nlp_cost_external_model_set
                0x0000000000053734                ocp_nlp_cost_external_opts_calculate_size
                0x0000000000053758                ocp_nlp_cost_external_memory_get_params_grad
                0x000000000005378c                ocp_nlp_cost_external_initialize
                0x00000000000537b4                ocp_nlp_cost_external_opts_set
                0x000000000005384c                ocp_nlp_cost_external_update_qp_matrices
                0x0000000000053cd8                ocp_nlp_cost_external_eval_grad_p
                0x0000000000053e1c                ocp_nlp_cost_external_compute_jac_p
                0x0000000000053f9c                ocp_nlp_cost_external_compute_fun
                0x0000000000054164                ocp_nlp_cost_external_compute_gradient
 .text          0x0000000000054360     0x1b64 C:\Users\Administrator\acados_neu\buildDS1403\install\lib\libacados.a(ocp_nlp_cost_ls.c.obj)
                0x0000000000054360                ocp_nlp_cost_ls_dims_calculate_size
                0x0000000000054368                ocp_nlp_cost_ls_dims_assign
                0x0000000000054370                ocp_nlp_cost_ls_opts_assign
                0x0000000000054378                ocp_nlp_cost_ls_opts_initialize_default
                0x0000000000054384                ocp_nlp_cost_ls_opts_update
                0x0000000000054388                ocp_nlp_cost_ls_memory_get_fun_ptr
                0x0000000000054390                ocp_nlp_cost_ls_memory_get_grad_ptr
                0x0000000000054398                ocp_nlp_cost_ls_memory_set_RSQrq_ptr
                0x00000000000543a0                ocp_nlp_cost_ls_memory_set_Z_ptr
                0x00000000000543a8                ocp_nlp_cost_ls_memory_set_ux_ptr
                0x00000000000543b0                ocp_nlp_cost_ls_memory_set_z_alg_ptr
                0x00000000000543b8                ocp_nlp_cost_ls_memory_set_dzdux_tran_ptr
                0x00000000000543c0                ocp_nlp_cost_ls_config_initialize_default
                0x00000000000545b0                ocp_nlp_cost_ls_dims_set
                0x0000000000054694                ocp_nlp_cost_ls_compute_gradient
                0x00000000000546b0                ocp_nlp_cost_ls_compute_jac_p
                0x00000000000546cc                ocp_nlp_cost_ls_eval_grad_p
                0x00000000000546e8                ocp_nlp_cost_ls_memory_calculate_size
                0x0000000000054758                ocp_nlp_cost_ls_workspace_calculate_size
                0x00000000000547f0                ocp_nlp_cost_ls_model_calculate_size
                0x000000000005489c                ocp_nlp_cost_ls_opts_calculate_size
                0x00000000000548c4                ocp_nlp_cost_ls_memory_assign
                0x0000000000054964                ocp_nlp_cost_ls_model_assign
                0x0000000000054aac                ocp_nlp_cost_ls_model_set
                0x0000000000054ecc                ocp_nlp_cost_ls_dims_get
                0x0000000000054f1c                ocp_nlp_cost_ls_opts_set
                0x0000000000054fa8                ocp_nlp_cost_ls_update_qp_matrices
                0x0000000000055510                ocp_nlp_cost_ls_precompute
                0x00000000000557a8                ocp_nlp_cost_ls_initialize
                0x0000000000055b30                ocp_nlp_cost_ls_compute_fun
 *fill*         0x0000000000055ec4        0x4 
 .text          0x0000000000055ec8     0x16dc C:\Users\Administrator\acados_neu\buildDS1403\install\lib\libacados.a(ocp_nlp_cost_nls.c.obj)
                0x0000000000055ec8                ocp_nlp_cost_nls_dims_calculate_size
                0x0000000000055ed0                ocp_nlp_cost_nls_dims_assign
                0x0000000000055ed8                ocp_nlp_cost_nls_opts_assign
                0x0000000000055ee0                ocp_nlp_cost_nls_opts_initialize_default
                0x0000000000055eec                ocp_nlp_cost_nls_opts_update
                0x0000000000055ef0                ocp_nlp_cost_nls_memory_get_fun_ptr
                0x0000000000055ef8                ocp_nlp_cost_nls_memory_get_W_chol_ptr
                0x0000000000055efc                ocp_nlp_cost_nls_memory_get_W_chol_diag_ptr
                0x0000000000055f04                ocp_nlp_cost_nls_get_outer_hess_is_diag_ptr
                0x0000000000055f0c                ocp_nlp_cost_nls_model_get_y_ref_ptr
                0x0000000000055f14                ocp_nlp_cost_nls_memory_get_grad_ptr
                0x0000000000055f1c                ocp_nlp_cost_nls_memory_set_RSQrq_ptr
                0x0000000000055f24                ocp_nlp_cost_nls_memory_set_Z_ptr
                0x0000000000055f2c                ocp_nlp_cost_nls_memory_set_ux_ptr
                0x0000000000055f34                ocp_nlp_cost_nls_memory_set_z_alg_ptr
                0x0000000000055f3c                ocp_nlp_cost_nls_memory_set_dzdux_tran_ptr
                0x0000000000055f44                ocp_nlp_cost_nls_config_initialize_default
                0x0000000000056174                ocp_nlp_cost_nls_dims_set
                0x000000000005625c                ocp_nlp_cost_nls_model_calculate_size
                0x0000000000056298                ocp_nlp_cost_nls_memory_calculate_size
                0x0000000000056308                ocp_nlp_cost_nls_workspace_calculate_size
                0x00000000000563a4                ocp_nlp_cost_nls_memory_assign
                0x0000000000056444                ocp_nlp_cost_nls_model_assign
                0x000000000005652c                ocp_nlp_cost_nls_compute_gradient
                0x0000000000056548                ocp_nlp_cost_nls_compute_jac_p
                0x0000000000056564                ocp_nlp_cost_nls_eval_grad_p
                0x0000000000056580                ocp_nlp_cost_nls_model_set
                0x000000000005691c                ocp_nlp_cost_nls_opts_calculate_size
                0x0000000000056940                ocp_nlp_cost_nls_dims_get
                0x0000000000056990                ocp_nlp_cost_nls_opts_set
                0x0000000000056b2c                ocp_nlp_cost_nls_update_qp_matrices
                0x0000000000057174                ocp_nlp_cost_nls_compute_fun
                0x00000000000573a4                ocp_nlp_cost_nls_initialize
                0x00000000000574b8                ocp_nlp_cost_nls_precompute
 *fill*         0x00000000000575a4        0x4 
 .text          0x00000000000575a8     0x1afc C:\Users\Administrator\acados_neu\buildDS1403\install\lib\libacados.a(ocp_nlp_dynamics_cont.c.obj)
                0x00000000000575a8                ocp_nlp_dynamics_cont_dims_calculate_size
                0x00000000000575c0                ocp_nlp_dynamics_cont_dims_set
                0x00000000000576f4                ocp_nlp_dynamics_cont_dims_get
                0x0000000000057798                ocp_nlp_dynamics_cont_opts_calculate_size
                0x00000000000577b4                ocp_nlp_dynamics_cont_opts_initialize_default
                0x000000000005785c                ocp_nlp_dynamics_cont_opts_update
                0x0000000000057870                ocp_nlp_dynamics_cont_memory_get_fun_ptr
                0x0000000000057874                ocp_nlp_dynamics_cont_memory_get_adj_ptr
                0x000000000005787c                ocp_nlp_dynamics_cont_memory_set_ux_ptr
                0x0000000000057884                ocp_nlp_dynamics_cont_memory_set_ux1_ptr
                0x000000000005788c                ocp_nlp_dynamics_cont_memory_set_pi_ptr
                0x0000000000057894                ocp_nlp_dynamics_cont_memory_set_BAbt_ptr
                0x000000000005789c                ocp_nlp_dynamics_cont_memory_set_RSQrq_ptr
                0x00000000000578a4                ocp_nlp_dynamics_cont_memory_set_dzduxt_ptr
                0x00000000000578ac                ocp_nlp_dynamics_cont_memory_set_sim_guess_ptr
                0x00000000000578b8                ocp_nlp_dynamics_cont_memory_set_z_alg_ptr
                0x00000000000578c0                ocp_nlp_dynamics_cont_initialize
                0x00000000000578c4                ocp_nlp_dynamics_cont_config_initialize_default
                0x0000000000057b34                ocp_nlp_dynamics_cont_dims_assign
                0x0000000000057b98                ocp_nlp_dynamics_cont_opts_assign
                0x0000000000057bfc                ocp_nlp_dynamics_cont_model_assign
                0x0000000000057c60                ocp_nlp_dynamics_cont_opts_set
                0x0000000000057d68                ocp_nlp_dynamics_cont_opts_get
                0x0000000000057dec                ocp_nlp_dynamics_cont_memory_calculate_size
                0x0000000000057e80                ocp_nlp_dynamics_cont_model_calculate_size
                0x0000000000057ec8                ocp_nlp_dynamics_cont_memory_assign
                0x0000000000057f6c                ocp_nlp_dynamics_cont_memory_set
                0x0000000000058088                ocp_nlp_dynamics_cont_memory_get_params_grad
                0x00000000000580a4                ocp_nlp_dynamics_cont_memory_get_params_lag_grad
                0x00000000000580c0                ocp_nlp_dynamics_cont_compute_jac_hess_p
                0x00000000000580dc                ocp_nlp_dynamics_cont_compute_adj_p
                0x00000000000580f8                ocp_nlp_dynamics_cont_workspace_calculate_size
                0x00000000000581a4                ocp_nlp_dynamics_cont_memory_get
                0x0000000000058250                ocp_nlp_dynamics_cont_model_set
                0x00000000000582c0                ocp_nlp_dynamics_cont_update_qp_matrices
                0x0000000000058850                ocp_nlp_dynamics_cont_precompute
                0x0000000000058990                ocp_nlp_dynamics_cont_compute_fun
                0x0000000000058ca8                ocp_nlp_dynamics_cont_compute_fun_and_adj
 *fill*         0x00000000000590a4        0x4 
 .text          0x00000000000590a8      0xfb0 C:\Users\Administrator\acados_neu\buildDS1403\install\lib\libacados.a(ocp_nlp_dynamics_disc.c.obj)
                0x00000000000590a8                ocp_nlp_dynamics_disc_dims_calculate_size
                0x00000000000590b0                ocp_nlp_dynamics_disc_dims_assign
                0x00000000000590c0                ocp_nlp_dynamics_disc_opts_calculate_size
                0x00000000000590c8                ocp_nlp_dynamics_disc_opts_initialize_default
                0x00000000000590dc                ocp_nlp_dynamics_disc_memory_get_fun_ptr
                0x00000000000590e4                ocp_nlp_dynamics_disc_memory_get_adj_ptr
                0x00000000000590ec                ocp_nlp_dynamics_disc_memory_set_ux_ptr
                0x00000000000590f4                ocp_nlp_dynamics_disc_memory_set_ux1_ptr
                0x00000000000590fc                ocp_nlp_dynamics_disc_memory_set_pi_ptr
                0x0000000000059104                ocp_nlp_dynamics_disc_memory_set_BAbt_ptr
                0x000000000005910c                ocp_nlp_dynamics_disc_memory_set_RSQrq_ptr
                0x0000000000059114                ocp_nlp_dynamics_disc_memory_set_sim_guess_ptr
                0x0000000000059118                ocp_nlp_dynamics_disc_memory_set_z_alg_ptr
                0x000000000005911c                ocp_nlp_dynamics_disc_model_calculate_size
                0x0000000000059124                ocp_nlp_dynamics_disc_model_assign
                0x000000000005912c                ocp_nlp_dynamics_disc_initialize
                0x0000000000059130                ocp_nlp_dynamics_disc_compute_jac_hess_p
                0x00000000000591cc                ocp_nlp_dynamics_disc_precompute
                0x00000000000591d4                ocp_nlp_dynamics_disc_config_initialize_default
                0x0000000000059434                ocp_nlp_dynamics_disc_dims_set
                0x000000000005953c                ocp_nlp_dynamics_disc_dims_get
                0x0000000000059644                ocp_nlp_dynamics_disc_workspace_calculate_size
                0x0000000000059674                ocp_nlp_dynamics_disc_memory_calculate_size
                0x00000000000596e0                ocp_nlp_dynamics_disc_memory_assign
                0x000000000005977c                ocp_nlp_dynamics_disc_memory_get_params_grad
                0x00000000000597a8                ocp_nlp_dynamics_disc_memory_get_params_lag_grad
                0x00000000000597e0                ocp_nlp_dynamics_disc_compute_adj_p
                0x0000000000059894                ocp_nlp_dynamics_disc_opts_set
                0x0000000000059938                ocp_nlp_dynamics_disc_opts_get
                0x00000000000599b4                ocp_nlp_dynamics_disc_memory_get
                0x0000000000059a40                ocp_nlp_dynamics_disc_model_set
                0x0000000000059b48                ocp_nlp_dynamics_disc_update_qp_matrices
                0x0000000000059db0                ocp_nlp_dynamics_disc_opts_assign
                0x0000000000059db8                ocp_nlp_dynamics_disc_opts_update
                0x0000000000059dbc                ocp_nlp_dynamics_disc_memory_set_dzduxt_ptr
                0x0000000000059dc0                ocp_nlp_dynamics_disc_compute_fun
                0x0000000000059ec0                ocp_nlp_dynamics_disc_compute_fun_and_adj
 .text          0x000000000005a058     0x2c84 C:\Users\Administrator\acados_neu\buildDS1403\install\lib\libacados.a(ocp_nlp_reg_convexify.c.obj)
                0x000000000005a058                ocp_nlp_reg_convexify_opts_calculate_size
                0x000000000005a060                ocp_nlp_reg_convexify_opts_assign
                0x000000000005a064                ocp_nlp_reg_convexify_opts_initialize_default
                0x000000000005a084                ocp_nlp_reg_convexify_memory_set_RSQrq_ptr
                0x000000000005a0b8                ocp_nlp_reg_convexify_memory_set_rq_ptr
                0x000000000005a0ec                ocp_nlp_reg_convexify_memory_set_BAbt_ptr
                0x000000000005a11c                ocp_nlp_reg_convexify_memory_set_b_ptr
                0x000000000005a14c                ocp_nlp_reg_convexify_memory_set_idxb_ptr
                0x000000000005a184                ocp_nlp_reg_convexify_memory_set_DCt_ptr
                0x000000000005a1b8                ocp_nlp_reg_convexify_memory_set_ux_ptr
                0x000000000005a1ec                ocp_nlp_reg_convexify_memory_set_pi_ptr
                0x000000000005a21c                ocp_nlp_reg_convexify_memory_set_lam_ptr
                0x000000000005a250                ocp_nlp_reg_convexify_calculate_memory_size
                0x000000000005a924                ocp_nlp_reg_convexify_assign_memory
                0x000000000005b114                ocp_nlp_reg_convexify_regularize
                0x000000000005b7c8                ocp_nlp_reg_convexify_regularize_lhs
                0x000000000005bde8                ocp_nlp_reg_convexify_regularize_rhs
                0x000000000005c4d4                ocp_nlp_reg_convexify_correct_dual_sol
                0x000000000005c8fc                ocp_nlp_reg_convexify_opts_set
                0x000000000005c97c                ocp_nlp_reg_convexify_memory_set
                0x000000000005cb5c                ocp_nlp_reg_convexify_config_initialize_default
 .text          0x000000000005ccdc      0x624 C:\Users\Administrator\acados_neu\buildDS1403\install\lib\libacados.a(ocp_nlp_reg_mirror.c.obj)
                0x000000000005ccdc                ocp_nlp_reg_mirror_opts_calculate_size
                0x000000000005cce4                ocp_nlp_reg_mirror_opts_assign
                0x000000000005cce8                ocp_nlp_reg_mirror_opts_initialize_default
                0x000000000005cd00                ocp_nlp_reg_mirror_memory_calculate_size
                0x000000000005ce28                ocp_nlp_reg_mirror_memory_assign
                0x000000000005cf7c                ocp_nlp_reg_mirror_memory_set_RSQrq_ptr
                0x000000000005cfb0                ocp_nlp_reg_mirror_memory_set_lam_ptr
                0x000000000005cfb4                ocp_nlp_reg_mirror_correct_dual_sol
                0x000000000005cfb8                ocp_nlp_reg_mirror_regularize
                0x000000000005d0ac                ocp_nlp_reg_mirror_regularize_lhs
                0x000000000005d0b0                ocp_nlp_reg_mirror_opts_set
                0x000000000005d104                ocp_nlp_reg_mirror_memory_set
                0x000000000005d160                ocp_nlp_reg_mirror_regularize_rhs
                0x000000000005d164                ocp_nlp_reg_mirror_memory_set_rq_ptr